src/modules/notifications/automation.worker.ts(3,1): error TS6133: 'NotificationService' is declared but its value is never read.
src/modules/notifications/automation.worker.ts(44,20): error TS6133: 'adm' is declared but its value is never read.
src/modules/notifications/automation.worker.ts(71,20): error TS6133: 'adm' is declared but its value is never read.
src/modules/notifications/automation.worker.ts(101,20): error TS6133: 'adm' is declared but its value is never read.
src/modules/placements/company.controller.ts(157,44): error TS6133: 'req' is declared but its value is never read.
src/modules/placements/placement.controller.ts(280,47): error TS6133: 'req' is declared but its value is never read.
